// Jest Snapshot v1, https://goo.gl/fbAQLP

exports[`Button Component - Web deve corresponder ao snapshot 1`] = `
<DocumentFragment>
  <button
    class="sc-blHHSb ehLeRL"
  >
    <span
      class="emphasis"
    />
  </button>
</DocumentFragment>
`;
